╭─ install ────────────────────────────────────────────────────────────────────────────────────────╮
│Confirm installation                                                                              │
│                                                                                                  │
│brew install --cask font-maple                                                                    │
│                                                                                                  │
│Enter/y install  Esc/n cancel                                                                     │
╰──────────────────────────────────────────────────────────────────────────────────────────────────╯
