╭──────────────────────────────────────────────────────────────────────────────────────────────────╮
│brewnicle   7d   [30d]   90d   1y   all   type:all                                             0/1│
╰──────────────────────────────────────────────────────────────────────────────────────────────────╯
╭─ packages ───────────────────────────────────────────╮ ╭─ package ───────────────────────────────╮
│No matches: / search · f type · 5 all                 │ │Select a package                         │
│                                                      │ │                                         │
│                                                      │ │                                         │
│                                                      │ │                                         │
│                                                      │ │                                         │
│                                                      │ │                                         │
│                                                      │ │                                         │
│                                                      │ │                                         │
│                                                      │ │                                         │
│                                                      │ │                                         │
╰──────────────────────────────────────────────────────╯ ╰─────────────────────────────────────────╯
  ↑/↓ move  f type  / search  o homepage  i install  r refresh  ? help  q quit
