brewnicle  7d [30d] 90d 1y all  0/1
No packages match. Try / search or all. │ Select a package
                                        │
                                        │
                                        │
                                        │
                                        │
                                        │
                                        │
                                        │
                                        │
                                        │
                                        │
                                        │
                                        │
↑/↓ move  / search  o homepage  i install  r refresh  ? help  q quit
