╭──────────────────────────────────────────────────────────╮
│brewnicle   7d   30d   90d   1y   [all]   type:all     4/4│
╰──────────────────────────────────────────────────────────╯
╭─ packages ───────────────────────────────────────────────╮
│› kubernetes-cli                 cask     3d   CLI        │
│  font-jetbrains-mono-nerd-font  font     4mo  Nerd Font …│
│  mongodb-community              formula  1y   Document-o…│
│  terraform                      formula  ?    Infrastruc…│
│                                                          │
│                                                          │
│                                                          │
│                                                          │
│                                                          │
╰──────────────────────────────────────────────────────────╯
enter details  ↑/↓ move  f type  / search  q quit  i install
