╭────────────────────────────────────────────────╮
│brewnicle   7d   [30d]   90d   type:cask     0/2│
╰────────────────────────────────────────────────╯
╭─ packages ─────────────────────────────────────╮
│No matches: / search · f type · 5 all           │
│                                                │
│                                                │
│                                                │
│                                                │
│                                                │
╰────────────────────────────────────────────────╯
enter details  ↑/↓ move  f type  / search  q quit
