brewnicle  Search:                                            2/2
› font-maple                   font    │ font-maple  [font]
  ripgrep                      formula │ 2026-07-27 · 10 days ago
                                       │
                                       │ Rounded monospace programming font
                                       │
                                       │ Homepage: Unavailable
                                       │ Install: brew install --cask font-maple
                                       │
                                       │
                                       │
                                       │
                                       │
                                       │
                                       │
type to filter  enter apply  esc keep query
