╭──────────────────────────────────────────────────────────────────────────────────────────────────╮
│brewnicle   7d   [30d]   90d   1y   all   type:all                                             2/2│
╰──────────────────────────────────────────────────────────────────────────────────────────────────╯
╭─ packages ───────────────────────────────────────────╮ ╭─ font-maple ────────────────────────────╮
│› font-maple    font     10d  Rounded monospace progr…│ │font-maple  [font]                       │
│  ripgrep       formula  10d  Fast line-oriented sear…│ │2026-07-27 · 10 days ago                 │
│                                                      │ │                                         │
│                                                      │ │Rounded monospace programming font       │
│                                                      │ │                                         │
│                                                      │ │homepage   Unavailable                   │
│                                                      │ │install    brew install --cask font-maple│
│                                                      │ │                                         │
│                                                      │ │                                         │
│                                                      │ │                                         │
│                                                      │ │                                         │
│                                                      │ │                                         │
│                                                      │ │                                         │
│                                                      │ │                                         │
╰──────────────────────────────────────────────────────╯ ╰─────────────────────────────────────────╯
  ↑/↓ move  f type  / search  o homepage  i install  r refresh  ? help  q quit
