╭──────────────────────────────────────────────────────────────────────────────────────────────────────────────────────╮
│brewnicle   7d   30d   90d   1y   [all]   type:all                                                                 4/4│
╰──────────────────────────────────────────────────────────────────────────────────────────────────────────────────────╯
╭─ packages ──────────────────────────────────────────────────────╮ ╭─ kubernetes-cli ─────────────────────────────────╮
│› kubernetes-cli                 cask     3d   CLI               │ │kubernetes-cli  [cask]                            │
│  font-jetbrains-mono-nerd-font  font     4mo  Nerd Font patched…│ │2026-08-03 · 3 days ago                           │
│  mongodb-community              formula  1y   Document-oriented…│ │                                                  │
│  terraform                      formula  ?    Infrastructure as…│ │CLI                                               │
│                                                                 │ │                                                  │
│                                                                 │ │homepage   Unavailable                            │
│                                                                 │ │install    brew install --cask kubernetes-cli     │
│                                                                 │ │                                                  │
│                                                                 │ │                                                  │
│                                                                 │ │                                                  │
│                                                                 │ │                                                  │
│                                                                 │ │                                                  │
│                                                                 │ │                                                  │
│                                                                 │ │                                                  │
│                                                                 │ │                                                  │
│                                                                 │ │                                                  │
│                                                                 │ │                                                  │
│                                                                 │ │                                                  │
╰─────────────────────────────────────────────────────────────────╯ ╰──────────────────────────────────────────────────╯
  ↑/↓ move  f type  / search  o homepage  i install  r refresh  ? help  q quit
